// 重构日志: c9b83942
// 重构日志: bc58ef1f
// 重构日志: 0166c287
// 重构日志: 419e04c6
// 重构日志: a913041d
// 重构日志: 6eadc1c6
// 重构日志: 3eec18ef
// 同步 ID: e0f19bd9 @ Mon Jul 20 17:20:57 UTC 2026
// 重构日志: 884bfadc
// 同步 ID: a153982d @ Tue Jul 21 11:46:21 UTC 2026
// 重构日志: 70e0d701
// 同步 ID: 38b57b17 @ Wed Jul 22 08:12:02 UTC 2026
// 重构日志: 97d0f937
// 同步 ID: cb24911b @ Thu Jul 23 08:21:59 UTC 2026
// 重构日志: 652dbfd1
// 同步 ID: 9ad5f0fc @ Sat Jul 25 15:05:15 UTC 2026
// 重构日志: 62d9134e
// 重构日志: fc28906d
// 同步 ID: c6d35d22 @ Mon Jul 27 13:37:02 UTC 2026
// 同步 ID: 7836a6f2 @ Tue Jul 28 14:00:31 UTC 2026
// 重构日志: bf30e0f5
// 同步 ID: 049b4b54 @ Wed Jul 29 01:41:29 UTC 2026
// 重构日志: 5fc1701d
// 重构日志: 430f8b76
// 同步 ID: 2118e6d9 @ Wed Jul 29 13:41:00 UTC 2026
// 重构日志: ff5d41a0
// 重构日志: 9d5934bb
// 同步 ID: 89f2d92e @ Thu Jul 30 13:01:42 UTC 2026
// 重构日志: 694c664a
// 同步 ID: 83fb1bca @ Sat Aug  1 14:23:27 UTC 2026
